// Jest Snapshot v1, https://goo.gl/fbAQLP

exports[`should render the LoginPage component correctly 1`] = `
<div>
  <h1>
    Login
  </h1>
  <button
    type="button"
  >
    Login
  </button>
</div>
`;
