// Jest Snapshot v1, https://goo.gl/fbAQLP

exports[`should render NotFound component correctly 1`] = `
<div>
  <p>
    404! - 
    <Link
      replace={false}
      to="/"
    >
      Go Home.
    </Link>
  </p>
</div>
`;
